---
source: tests/customer_sync_test.rs
expression: to_assert
---
BEFORE:
Fake Database.
All Customers {
Customer {
    external_id: Some(
        "conflicting id",
    ),
    master_external_id: None,
    company_number: Some(
        "12345",
    ),
    internal_id: Some(
        "45435",
    ),
    name: None,
    customer_type: Some(
        Company,
    ),
    preferred_store: None,
    address: None,
    shopping_lists: [],
}

}
All Shopping Lists
[]
SYNCING THIS:
ExternalCustomer {
    external_id: Some(
        "45646",
    ),
    company_number: Some(
        "12345",
    ),
    name: Some(
        "Acme Inc.",
    ),
    preferred_store: None,
    address: Some(
        Address {
            street: "123 main st",
            postal_code: "SE-123 45",
            city: "Helsingborg",
        },
    ),
    shopping_lists: [
        ShoppingList {
            products: [
                "lipstick",
                "blusher",
            ],
        },
    ],
}
AFTER:
Fake Database.
All Customers {
Customer {
    external_id: Some(
        "conflicting id",
    ),
    master_external_id: None,
    company_number: Some(
        "12345",
    ),
    internal_id: Some(
        "45435",
    ),
    name: None,
    customer_type: Some(
        Company,
    ),
    preferred_store: None,
    address: None,
    shopping_lists: [],
}

}
All Shopping Lists
[]
